 starlight-7 · claude-code                                  
╭─ hr-starlight-7-001 · 14:22:11 ─────────                  
│ > summarize CHANGELOG                                     
│ • read CHANGELOG.md                                       
│ Read 142 lines.                                           
╰─ Succeeded · 47s                                          
 > _                                                        