 paddock-tui                                                        ns: default                    
  Sessions (0)              │ (no session selected — pick one in the sidebar or press n to create) 
   [+ new session]          │                                                                      
  Active: 0                 │                                                                      
 ↑↓ select · Enter focus · n new · e end · / search · q/Ctrl-C quit · ? help                       