  Sessions (1)              │ alpha ·                                                    
  · alpha                   │ > _                                                        
   [+ new session]          │                                                            
  Active: 0                 │                                                            
 Enter submit · Esc unfocus · :help · Ctrl-X cancel run                                  